{'channel_key': 300025, 'value__count': 2191, 'channel_key__file_name': u'Continuous'}
{'channel_key': 300008, 'value__count': 2191, 'channel_key__file_name': u'Continuous'}
{'channel_key': 300032, 'value__count': 2191, 'channel_key__file_name': u'Continuous'}
{'channel_key': 300264, 'value__count': 391, 'channel_key__file_name': u'Survey'}
{'channel_key': 300191, 'value__count': 391, 'channel_key__file_name': u'Survey'}
{'channel_key': 300216, 'value__count': 2191, 'channel_key__file_name': u'Continuous'}
{'channel_key': 300037, 'value__count': 2191, 'channel_key__file_name': u'Continuous'}
{'channel_key': 300221, 'value__count': 2191, 'channel_key__file_name': u'Continuous'}
{'channel_key': 223053, 'value__count': 2191, 'channel_key__file_name': u'Continuous'}
{'channel_key': 223051, 'value__count': 2191, 'channel_key__file_name': u'Continuous'}
{'channel_key': 300091, 'value__count': 391, 'channel_key__file_name': u'Survey'}
{'channel_key': 300035, 'value__count': 2191, 'channel_key__file_name': u'Continuous'}
{'channel_key': 300024, 'value__count': 2191, 'channel_key__file_name': u'Continuous'}
{'channel_key': 223041, 'value__count': 2191, 'channel_key__file_name': u'Continuous'}
{'channel_key': 300165, 'value__count': 391, 'channel_key__file_name': u'Survey'}
{'channel_key': 1505, 'value__count': 391, 'channel_key__file_name': u'Survey'}
{'channel_key': 300003, 'value__count': 2191, 'channel_key__file_name': u'Continuous'}
{'channel_key': 300271, 'value__count': 391, 'channel_key__file_name': u'Survey'}
{'channel_key': 300258, 'value__count': 391, 'channel_key__file_name': u'Survey'}
{'channel_key': 300234, 'value__count': 391, 'channel_key__file_name': u'Survey'}
{'channel_key': 223054, 'value__count': 2191, 'channel_key__file_name': u'Continuous'}
{'channel_key': 300275, 'value__count': 391, 'channel_key__file_name': u'Survey'}
{'channel_key': 300228, 'value__count': 391, 'channel_key__file_name': u'Survey'}
{'channel_key': 300266, 'value__count': 391, 'channel_key__file_name': u'Survey'}
{'channel_key': 300278, 'value__count': 391, 'channel_key__file_name': u'Survey'}
{'channel_key': 300051, 'value__count': 391, 'channel_key__file_name': u'Survey'}
{'channel_key': 300085, 'value__count': 391, 'channel_key__file_name': u'Survey'}
{'channel_key': 300260, 'value__count': 391, 'channel_key__file_name': u'Survey'}
{'channel_key': 300274, 'value__count': 391, 'channel_key__file_name': u'Survey'}
{'channel_key': 300109, 'value__count': 391, 'channel_key__file_name': u'Survey'}
{'channel_key': 300240, 'value__count': 391, 'channel_key__file_name': u'Survey'}
{'channel_key': 300219, 'value__count': 2191, 'channel_key__file_name': u'Continuous'}
{'channel_key': 223045, 'value__count': 2191, 'channel_key__file_name': u'Continuous'}
{'channel_key': 1518, 'value__count': 391, 'channel_key__file_name': u'Survey'}
{'channel_key': 300254, 'value__count': 391, 'channel_key__file_name': u'Survey'}
{'channel_key': 300057, 'value__count': 391, 'channel_key__file_name': u'Survey'}
{'channel_key': 300279, 'value__count': 391, 'channel_key__file_name': u'Survey'}
{'channel_key': 300218, 'value__count': 2191, 'channel_key__file_name': u'Continuous'}
{'channel_key': 300013, 'value__count': 2191, 'channel_key__file_name': u'Continuous'}
{'channel_key': 300023, 'value__count': 2191, 'channel_key__file_name': u'Continuous'}
{'channel_key': 300232, 'value__count': 391, 'channel_key__file_name': u'Survey'}
{'channel_key': 300239, 'value__count': 391, 'channel_key__file_name': u'Survey'}
{'channel_key': 300249, 'value__count': 391, 'channel_key__file_name': u'Survey'}
{'channel_key': 300045, 'value__count': 391, 'channel_key__file_name': u'Survey'}
{'channel_key': 300002, 'value__count': 2191, 'channel_key__file_name': u'Continuous'}
{'channel_key': 1510, 'value__count': 391, 'channel_key__file_name': u'Survey'}
{'channel_key': 300229, 'value__count': 391, 'channel_key__file_name': u'Survey'}
{'channel_key': 300241, 'value__count': 391, 'channel_key__file_name': u'Survey'}
{'channel_key': 300007, 'value__count': 2191, 'channel_key__file_name': u'Continuous'}
{'channel_key': 300038, 'value__count': 2191, 'channel_key__file_name': u'Continuous'}
{'channel_key': 300283, 'value__count': 391, 'channel_key__file_name': u'Survey'}
{'channel_key': 300015, 'value__count': 2191, 'channel_key__file_name': u'Continuous'}
{'channel_key': 300012, 'value__count': 2191, 'channel_key__file_name': u'Continuous'}
{'channel_key': 300214, 'value__count': 2191, 'channel_key__file_name': u'Continuous'}
{'channel_key': 300269, 'value__count': 391, 'channel_key__file_name': u'Survey'}
{'channel_key': 1517, 'value__count': 391, 'channel_key__file_name': u'Survey'}
{'channel_key': 300097, 'value__count': 391, 'channel_key__file_name': u'Survey'}
{'channel_key': 300217, 'value__count': 2191, 'channel_key__file_name': u'Continuous'}
{'channel_key': 300026, 'value__count': 2191, 'channel_key__file_name': u'Continuous'}
{'channel_key': 300213, 'value__count': 2191, 'channel_key__file_name': u'Continuous'}
{'channel_key': 223043, 'value__count': 2191, 'channel_key__file_name': u'Continuous'}
{'channel_key': 223030, 'value__count': 2191, 'channel_key__file_name': u'Continuous'}
{'channel_key': 300029, 'value__count': 2191, 'channel_key__file_name': u'Continuous'}
{'channel_key': 300236, 'value__count': 391, 'channel_key__file_name': u'Survey'}
{'channel_key': 300115, 'value__count': 391, 'channel_key__file_name': u'Survey'}
{'channel_key': 300252, 'value__count': 391, 'channel_key__file_name': u'Survey'}
{'channel_key': 300277, 'value__count': 391, 'channel_key__file_name': u'Survey'}
{'channel_key': 300284, 'value__count': 391, 'channel_key__file_name': u'Survey'}
{'channel_key': 223042, 'value__count': 2191, 'channel_key__file_name': u'Continuous'}
{'channel_key': 300028, 'value__count': 2191, 'channel_key__file_name': u'Continuous'}
{'channel_key': 300017, 'value__count': 2191, 'channel_key__file_name': u'Continuous'}
{'channel_key': 300268, 'value__count': 391, 'channel_key__file_name': u'Survey'}
{'channel_key': 300233, 'value__count': 391, 'channel_key__file_name': u'Survey'}
{'channel_key': 300257, 'value__count': 391, 'channel_key__file_name': u'Survey'}
{'channel_key': 300021, 'value__count': 2191, 'channel_key__file_name': u'Continuous'}
{'channel_key': 300018, 'value__count': 2191, 'channel_key__file_name': u'Continuous'}
{'channel_key': 300267, 'value__count': 391, 'channel_key__file_name': u'Survey'}
{'channel_key': 300286, 'value__count': 391, 'channel_key__file_name': u'Survey'}
{'channel_key': 300247, 'value__count': 391, 'channel_key__file_name': u'Survey'}
{'channel_key': 300201, 'value__count': 391, 'channel_key__file_name': u'Survey'}
{'channel_key': 300001, 'value__count': 2191, 'channel_key__file_name': u'Continuous'}
{'channel_key': 300244, 'value__count': 391, 'channel_key__file_name': u'Survey'}
{'channel_key': 223050, 'value__count': 2191, 'channel_key__file_name': u'Continuous'}
{'channel_key': 300220, 'value__count': 2191, 'channel_key__file_name': u'Continuous'}
{'channel_key': 300235, 'value__count': 391, 'channel_key__file_name': u'Survey'}
{'channel_key': 1506, 'value__count': 391, 'channel_key__file_name': u'Survey'}
{'channel_key': 300262, 'value__count': 391, 'channel_key__file_name': u'Survey'}
{'channel_key': 300285, 'value__count': 391, 'channel_key__file_name': u'Survey'}
{'channel_key': 300212, 'value__count': 2191, 'channel_key__file_name': u'Continuous'}
{'channel_key': 223056, 'value__count': 2191, 'channel_key__file_name': u'Continuous'}
{'channel_key': 300019, 'value__count': 2191, 'channel_key__file_name': u'Continuous'}
{'channel_key': 300246, 'value__count': 391, 'channel_key__file_name': u'Survey'}
{'channel_key': 300204, 'value__count': 391, 'channel_key__file_name': u'Survey'}
{'channel_key': 300063, 'value__count': 391, 'channel_key__file_name': u'Survey'}
{'channel_key': 300250, 'value__count': 391, 'channel_key__file_name': u'Survey'}
{'channel_key': 300231, 'value__count': 391, 'channel_key__file_name': u'Survey'}
{'channel_key': 1497, 'value__count': 391, 'channel_key__file_name': u'Survey'}
{'channel_key': 300034, 'value__count': 2191, 'channel_key__file_name': u'Continuous'}
{'channel_key': 300265, 'value__count': 391, 'channel_key__file_name': u'Survey'}
{'channel_key': 300181, 'value__count': 391, 'channel_key__file_name': u'Survey'}
{'channel_key': 300011, 'value__count': 2191, 'channel_key__file_name': u'Continuous'}
{'channel_key': 300022, 'value__count': 2191, 'channel_key__file_name': u'Continuous'}
{'channel_key': 300155, 'value__count': 391, 'channel_key__file_name': u'Survey'}
{'channel_key': 300211, 'value__count': 2191, 'channel_key__file_name': u'Continuous'}
{'channel_key': 300004, 'value__count': 2191, 'channel_key__file_name': u'Continuous'}
{'channel_key': 300276, 'value__count': 391, 'channel_key__file_name': u'Survey'}
{'channel_key': 1514, 'value__count': 391, 'channel_key__file_name': u'Survey'}
{'channel_key': 300039, 'value__count': 2191, 'channel_key__file_name': u'Continuous'}
{'channel_key': 223052, 'value__count': 2191, 'channel_key__file_name': u'Continuous'}
{'channel_key': 300215, 'value__count': 2191, 'channel_key__file_name': u'Continuous'}
{'channel_key': 300253, 'value__count': 391, 'channel_key__file_name': u'Survey'}
{'channel_key': 300287, 'value__count': 391, 'channel_key__file_name': u'Survey'}
{'channel_key': 300175, 'value__count': 391, 'channel_key__file_name': u'Survey'}
{'channel_key': 223046, 'value__count': 2191, 'channel_key__file_name': u'Continuous'}
{'channel_key': 300280, 'value__count': 391, 'channel_key__file_name': u'Survey'}
{'channel_key': 300272, 'value__count': 391, 'channel_key__file_name': u'Survey'}
{'channel_key': 300273, 'value__count': 391, 'channel_key__file_name': u'Survey'}
{'channel_key': 1498, 'value__count': 391, 'channel_key__file_name': u'Survey'}
{'channel_key': 1502, 'value__count': 391, 'channel_key__file_name': u'Survey'}
{'channel_key': 300227, 'value__count': 391, 'channel_key__file_name': u'Survey'}
{'channel_key': 300009, 'value__count': 2191, 'channel_key__file_name': u'Continuous'}
{'channel_key': 300259, 'value__count': 391, 'channel_key__file_name': u'Survey'}
{'channel_key': 300243, 'value__count': 391, 'channel_key__file_name': u'Survey'}
{'channel_key': 1, 'value__count': 2191, 'channel_key__file_name': u'Continuous'}
{'channel_key': 300226, 'value__count': 391, 'channel_key__file_name': u'Survey'}
{'channel_key': 300210, 'value__count': 391, 'channel_key__file_name': u'Survey'}
{'channel_key': 300263, 'value__count': 391, 'channel_key__file_name': u'Survey'}
{'channel_key': 300145, 'value__count': 391, 'channel_key__file_name': u'Survey'}
{'channel_key': 300133, 'value__count': 391, 'channel_key__file_name': u'Survey'}
{'channel_key': 223047, 'value__count': 2191, 'channel_key__file_name': u'Continuous'}
{'channel_key': 300248, 'value__count': 391, 'channel_key__file_name': u'Survey'}
{'channel_key': 300251, 'value__count': 391, 'channel_key__file_name': u'Survey'}
{'channel_key': 300079, 'value__count': 391, 'channel_key__file_name': u'Survey'}
{'channel_key': 300223, 'value__count': 2191, 'channel_key__file_name': u'Continuous'}
{'channel_key': 300288, 'value__count': 391, 'channel_key__file_name': u'Survey'}
{'channel_key': 300127, 'value__count': 391, 'channel_key__file_name': u'Survey'}
{'channel_key': 300139, 'value__count': 391, 'channel_key__file_name': u'Survey'}
{'channel_key': 300033, 'value__count': 2191, 'channel_key__file_name': u'Continuous'}
{'channel_key': 300255, 'value__count': 391, 'channel_key__file_name': u'Survey'}
{'channel_key': 300261, 'value__count': 391, 'channel_key__file_name': u'Survey'}
{'channel_key': 300289, 'value__count': 391, 'channel_key__file_name': u'Survey'}
{'channel_key': 300230, 'value__count': 391, 'channel_key__file_name': u'Survey'}
{'channel_key': 300020, 'value__count': 2191, 'channel_key__file_name': u'Continuous'}
{'channel_key': 1509, 'value__count': 391, 'channel_key__file_name': u'Survey'}
{'channel_key': 300245, 'value__count': 391, 'channel_key__file_name': u'Survey'}
{'channel_key': 300256, 'value__count': 391, 'channel_key__file_name': u'Survey'}
{'channel_key': 300016, 'value__count': 2191, 'channel_key__file_name': u'Continuous'}
{'channel_key': 300282, 'value__count': 391, 'channel_key__file_name': u'Survey'}
{'channel_key': 2, 'value__count': 2191, 'channel_key__file_name': u'Continuous'}
{'channel_key': 1513, 'value__count': 391, 'channel_key__file_name': u'Survey'}
{'channel_key': 223055, 'value__count': 2191, 'channel_key__file_name': u'Continuous'}
{'channel_key': 300014, 'value__count': 2191, 'channel_key__file_name': u'Continuous'}
{'channel_key': 1501, 'value__count': 391, 'channel_key__file_name': u'Survey'}
{'channel_key': 300281, 'value__count': 391, 'channel_key__file_name': u'Survey'}
{'channel_key': 300073, 'value__count': 391, 'channel_key__file_name': u'Survey'}
{'channel_key': 300121, 'value__count': 391, 'channel_key__file_name': u'Survey'}
{'channel_key': 300242, 'value__count': 391, 'channel_key__file_name': u'Survey'}
{'channel_key': 300222, 'value__count': 2191, 'channel_key__file_name': u'Continuous'}
{'channel_key': 300225, 'value__count': 391, 'channel_key__file_name': u'Survey'}
{'channel_key': 300027, 'value__count': 2191, 'channel_key__file_name': u'Continuous'}
{'channel_key': 300010, 'value__count': 2191, 'channel_key__file_name': u'Continuous'}
{'channel_key': 300036, 'value__count': 2191, 'channel_key__file_name': u'Continuous'}
{'channel_key': 300030, 'value__count': 2191, 'channel_key__file_name': u'Continuous'}
{'channel_key': 223049, 'value__count': 2191, 'channel_key__file_name': u'Continuous'}
{'channel_key': 300005, 'value__count': 2191, 'channel_key__file_name': u'Continuous'}
{'channel_key': 300224, 'value__count': 2191, 'channel_key__file_name': u'Continuous'}
{'channel_key': 300237, 'value__count': 391, 'channel_key__file_name': u'Survey'}
{'channel_key': 300006, 'value__count': 2191, 'channel_key__file_name': u'Continuous'}
{'channel_key': 300031, 'value__count': 2191, 'channel_key__file_name': u'Continuous'}
{'channel_key': 300238, 'value__count': 391, 'channel_key__file_name': u'Survey'}
{'channel_key': 223044, 'value__count': 2191, 'channel_key__file_name': u'Continuous'}
{'channel_key': 300270, 'value__count': 391, 'channel_key__file_name': u'Survey'}
